Card 1: copied 1910_10_27(a).jpg -> boulay_001_recto.jpg
Card 1: copied 1910_10_27(b).jpg -> boulay_001_verso.jpg
Card 2: copied 1912_08_27 (a).jpg -> boulay_002_recto.jpg
Card 2: copied 1912_08_27 (b).jpg -> boulay_002_verso.jpg
Card 3: copied 1912_08_28 (a).jpg -> boulay_003_recto.jpg
Card 3: copied 1912_08_28 (b).jpg -> boulay_003_verso.jpg
Card 4: copied 1912_12_30 (a).jpg -> boulay_004_recto.jpg
Card 4: copied 1912_12_30 (b).jpg -> boulay_004_verso.jpg
Card 6: copied 1914_01_06 (a).jpg -> boulay_006_recto.jpg
Card 6: copied 1914_01_06 (b).jpg -> boulay_006_verso.jpg
Card 7: copied 1914_11_04 (a).jpg -> boulay_007_recto.jpg
Card 7: copied 1914_11_04 (b).jpg -> boulay_007_verso.jpg
Card 8: copied 1914_11_14 (a).jpg -> boulay_008_recto.jpg
Card 8: copied 1914_11_14 (b).jpg -> boulay_008_verso.jpg
Card 9: copied 1914_11_20 (a).jpg -> boulay_009_recto.jpg
Card 9: copied 1914_11_20 (b).jpg -> boulay_009_verso.jpg
Card 10: copied 1914_11_27 (a).jpg -> boulay_010_recto.jpg
Card 10: copied 1914_11_27 (b).jpg -> boulay_010_verso.jpg
Card 11: copied 1914_12_04 (a).jpg -> boulay_011_recto.jpg
Card 11: copied 1914_12_04 (b).jpg -> boulay_011_verso.jpg
Card 13: copied 1914_12_30 (a).jpg -> boulay_013_recto.jpg
Card 13: copied 1914_12_30 (b).jpg -> boulay_013_verso.jpg
Card 14: copied 1914_12_31 (a).jpg -> boulay_014_recto.jpg
Card 14: copied 1914_12_31 (b).jpg -> boulay_014_verso.jpg
Card 15: copied 1915_01_19 (a).jpg -> boulay_015_recto.jpg
Card 15: copied 1915_01_19 (b).jpg -> boulay_015_verso.jpg
Card 17: copied 1915_03_27 (a).jpg -> boulay_017_recto.jpg
Card 17: copied 1915_03_27 (b).jpg -> boulay_017_verso.jpg
Card 18: copied 1915_08_11 (a).jpg -> boulay_018_recto.jpg
Card 18: copied 1915_08_11 (b).jpg -> boulay_018_verso.jpg
Card 19: copied 1916_03_06 (a).jpg -> boulay_019_recto.jpg
Card 19: copied 1916_03_06 (b).jpg -> boulay_019_verso.jpg
Card 20: copied 1916_03_08 (a).jpg -> boulay_020_recto.jpg
Card 20: copied 1916_03_08 (b).jpg -> boulay_020_verso.jpg
Card 21: copied 1916_04_27 (a).jpg -> boulay_021_recto.jpg
Card 21: copied 1916_04_27 (b).jpg -> boulay_021_verso.jpg
Card 22: copied 1916_08_10 (a).jpg -> boulay_022_recto.jpg
Card 22: copied 1916_08_10 (b).jpg -> boulay_022_verso.jpg
Card 23: copied 1916_08_13 (a).jpg -> boulay_023_recto.jpg
Card 23: copied 1916_08_13 (b).jpg -> boulay_023_verso.jpg
Card 24: copied 1916_08_26 (a).jpg -> boulay_024_recto.jpg
Card 24: copied 1916_08_26 (b).jpg -> boulay_024_verso.jpg
Card 25: copied 1916_09_06 (a).jpg -> boulay_025_recto.jpg
Card 25: copied 1916_09_06 (b).jpg -> boulay_025_verso.jpg
Card 26: copied 1916_09_07 (a).jpg -> boulay_026_recto.jpg
Card 26: copied 1916_09_07 (b).jpg -> boulay_026_verso.jpg
Card 27: copied 1916_09_09 (a).jpg -> boulay_027_recto.jpg
Card 27: copied 1916_09_09 (b).jpg -> boulay_027_verso.jpg
Card 28: copied 1916_09_07 (a).jpg -> boulay_028_recto.jpg
Card 28: copied 1916_09_07 (b).jpg -> boulay_028_verso.jpg
Card 29: copied 1916_09_12 2 (a).jpg -> boulay_029_recto.jpg
Card 29: copied 1916_09_12 2 (b).jpg -> boulay_029_verso.jpg
Card 30: copied 1916_09_12 2 (a).jpg -> boulay_030_recto.jpg
Card 30: copied 1916_09_12 2 (b).jpg -> boulay_030_verso.jpg
Card 31: copied 1916_09_12 2 (a).jpg -> boulay_031_recto.jpg
Card 31: copied 1916_09_12 2 (b).jpg -> boulay_031_verso.jpg
Card 32: copied 1916_09_13 (a).jpg -> boulay_032_recto.jpg
Card 32: copied 1916_09_13 (b).jpg -> boulay_032_verso.jpg
Card 33: copied 1916_09_17 bis (a).jpg -> boulay_033_recto.jpg
Card 33: copied 1916_09_17 bis (b).jpg -> boulay_033_verso.jpg
Card 34: copied 1916_11_19 (a).jpg -> boulay_034_recto.jpg
Card 34: copied 1916_11_19 (b).jpg -> boulay_034_verso.jpg
Card 101: copied 1914_12_30 (a).jpg -> boulay_101_recto.jpg
Card 101: copied 1914_12_30 (b).jpg -> boulay_101_verso.jpg
